#-----------------------------------------------------------
# Vivado v2025.2 (64-bit)
# SW Build 6299465 on Fri Nov 14 12:34:56 MST 2025
# IP Build 6300035 on Fri Nov 14 10:48:45 MST 2025
# SharedData Build 6298862 on Thu Nov 13 04:50:51 MST 2025
# Start of session at: Sun May 31 02:32:19 2026
# Process ID         : 57750
# Current directory  : /home/mayank-anand/nix-config
# Command line       : vivado
# Log file           : /home/mayank-anand/nix-config/vivado.log
# Journal file       : /home/mayank-anand/nix-config/vivado.jou
# Running On         : msi-modern14c7m
# Platform           : ubuntu
# Operating System   : Ubuntu"
VERSION_ID="22.04 22.04.5 LTS (Jammy Jellyfish)"
VERSION_CODENAME=jammy
# Processor Detail   : AMD Ryzen 5 7530U with Radeon Graphics
# CPU Frequency      : 1676.768 MHz
# CPU Physical cores : 6
# CPU Logical cores  : 12
# Host memory        : 16104 MB
# Swap memory        : 25757 MB
# Total Virtual      : 41861 MB
# Available Virtual  : 30422 MB
#-----------------------------------------------------------
start_gui
